BACKUPS_RETENTION CRITICAL - not enough full backups, 2 required, backups are too old, full backups are too old 
