BACKUPS_RETENTION CRITICAL - repo2: no valid backups
